// Jest Snapshot v1, https://goo.gl/fbAQLP

exports[`it renders component unchanged 1`] = `
<div>
  <footer
    class="bg-primary py-3 text-center text-text md:py-3"
  >
    <div
      class="flex flex-row justify-center text-center"
    >
      <p
        class="text-sm"
      >
        Built using React and Tailwind.
      </p>
      <a
        aria-label="Github, Portfolio Website"
        href="https://github.com/rparin/rparin.github.io"
        rel="noopener noreferrer"
        target="_blank"
      >
        <svg
          class="h-3/5 w-auto max-w-[1.5vh]"
          fill="none"
          height="24"
          stroke="currentColor"
          stroke-linecap="round"
          stroke-linejoin="round"
          stroke-width="2"
          viewBox="0 0 24 24"
          width="24"
          xmlns="http://www.w3.org/2000/svg"
        >
          <path
            d="M18 13v6a2 2 0 0 1-2 2H5a2 2 0 0 1-2-2V8a2 2 0 0 1 2-2h6"
          />
          <polyline
            points="15 3 21 3 21 9"
          />
          <line
            x1="10"
            x2="21"
            y1="14"
            y2="3"
          />
        </svg>
      </a>
    </div>
    <p
      class="text-sm"
    >
      ©️ 2024. Designed and Developed by Ralph Parin.
    </p>
  </footer>
</div>
`;
