// Jest Snapshot v1, https://goo.gl/fbAQLP

exports[`it renders component unchanged 1`] = `
<div>
  <figure
    class="relative flex justify-center"
  >
    <figcaption
      class="absolute bg-background rounded-lg line-clamp-2 md:line-clamp-none top-1/4 md:top-1/3 p-2 md:p-3 text-sm md:text-base md:max-w-lg left-[25%] md:left-[30%] lg:left-[38%]"
    >
      <span
        class="hidden md:block"
      >
        Gaming with my friends has become my digital backyard, as life takes us on different paths and distances grow, this space keeps us connected.
      </span>
      <span
        class="md:hidden"
      />
    </figcaption>
    <img
      alt="Background image of laptop in urban city"
      class="max-h-48 w-auto md:max-h-56 lg:max-h-64"
      data-nimg="1"
      decoding="async"
      height="40"
      loading="lazy"
      src="/_next/image?url=%2Fimg.jpg&w=96&q=75"
      srcset="/_next/image?url=%2Fimg.jpg&w=48&q=75 1x, /_next/image?url=%2Fimg.jpg&w=96&q=75 2x"
      style="color: transparent;"
      width="40"
    />
  </figure>
</div>
`;
