// Jest Snapshot v1, https://goo.gl/fbAQLP

exports[`it renders component unchanged 1`] = `
<div>
  <section
    class="mx-5 before:block before:h-20 before:content-[''] lg:mx-16"
    id="about"
  >
    <div
      class="flex flex-col gap-10"
    >
      <h2
        class="text-center text-base font-normal md:text-2xl"
      >
        <i>
          A little about me: my hobbies, interests, and goals.
        </i>
      </h2>
      <figure
        class="relative flex justify-center"
      >
        <figcaption
          class="absolute bg-background rounded-lg line-clamp-2 md:line-clamp-none top-1/4 md:top-1/3 p-2 md:p-3 text-sm md:text-base md:max-w-lg left-[25%] md:left-[30%] lg:left-[38%]"
        >
          <span
            class="hidden md:block"
          >
            The thrill of crafting with my hands led me to computer science, where I aspire to make a meaningful difference in the lives of others, whether through a useful digital tool or a fun game.
          </span>
          <span
            class="md:hidden"
          >
            Crafting drove me to computer science to make a difference, via games or digital tools.
          </span>
        </figcaption>
        <img
          alt="Background image of study room"
          class="max-h-48 w-auto md:max-h-56 lg:max-h-64"
          data-nimg="1"
          decoding="async"
          height="40"
          loading="lazy"
          src="/_next/image?url=%2Fimg.jpg&w=96&q=75"
          srcset="/_next/image?url=%2Fimg.jpg&w=48&q=75 1x, /_next/image?url=%2Fimg.jpg&w=96&q=75 2x"
          style="color: transparent;"
          width="40"
        />
      </figure>
      <figure
        class="relative flex justify-center"
      >
        <figcaption
          class="absolute bg-background rounded-lg line-clamp-2 md:line-clamp-none top-1/4 md:top-1/3 p-2 md:p-3 text-sm md:text-base md:max-w-lg right-[30%] lg:right-[35%]"
        >
          <span
            class="hidden md:block"
          >
            I cherish stories for the unique lessons they offer, particularly the no-happy-ending tales by my favorite author, Sugaru Miaki. They've taught me to embrace failure as a path to improvement.
          </span>
          <span
            class="md:hidden"
          >
            I enjoy reading for the lessons they offer. They've, taught me to overcome my regrets.
          </span>
        </figcaption>
        <img
          alt="Background image of book in forest"
          class="max-h-48 w-auto md:max-h-56 lg:max-h-64"
          data-nimg="1"
          decoding="async"
          height="40"
          loading="lazy"
          src="/_next/image?url=%2Fimg.jpg&w=96&q=75"
          srcset="/_next/image?url=%2Fimg.jpg&w=48&q=75 1x, /_next/image?url=%2Fimg.jpg&w=96&q=75 2x"
          style="color: transparent;"
          width="40"
        />
      </figure>
      <figure
        class="relative flex justify-center"
      >
        <figcaption
          class="absolute bg-background rounded-lg line-clamp-2 md:line-clamp-none top-1/4 md:top-1/3 p-2 md:p-3 text-sm md:text-base md:max-w-lg left-[25%] md:left-[30%] lg:left-[38%]"
        >
          <span
            class="hidden md:block"
          >
            One of my passion lies in creating memorable moments with friendsâ€”whether it's trying new flavors at local eateries, embarking on food adventures, or exploring exciting new places together.
          </span>
          <span
            class="md:hidden"
          >
            One hobby of mine includes trying new foods and sightseeing with friends.
          </span>
        </figcaption>
        <img
          alt="Background image of food in cafe"
          class="max-h-48 w-auto md:max-h-56 lg:max-h-64"
          data-nimg="1"
          decoding="async"
          height="40"
          loading="lazy"
          src="/_next/image?url=%2Fimg.jpg&w=96&q=75"
          srcset="/_next/image?url=%2Fimg.jpg&w=48&q=75 1x, /_next/image?url=%2Fimg.jpg&w=96&q=75 2x"
          style="color: transparent;"
          width="40"
        />
      </figure>
      <figure
        class="relative flex justify-center"
      >
        <figcaption
          class="absolute bg-background rounded-lg line-clamp-2 md:line-clamp-none top-1/4 md:top-1/3 p-2 md:p-3 text-sm md:text-base md:max-w-lg right-[30%] lg:right-[35%]"
        >
          <span
            class="hidden md:block"
          >
            Gaming with my friends has become my digital backyard, as life takes us on different paths and distances grow, this space keeps us connected.
          </span>
          <span
            class="md:hidden"
          >
            Gaming with friends is my digital backyard, keeping me close despite life's changes.
          </span>
        </figcaption>
        <img
          alt="Background image of laptop in urban city"
          class="max-h-48 w-auto md:max-h-56 lg:max-h-64"
          data-nimg="1"
          decoding="async"
          height="40"
          loading="lazy"
          src="/_next/image?url=%2Fimg.jpg&w=96&q=75"
          srcset="/_next/image?url=%2Fimg.jpg&w=48&q=75 1x, /_next/image?url=%2Fimg.jpg&w=96&q=75 2x"
          style="color: transparent;"
          width="40"
        />
      </figure>
    </div>
  </section>
</div>
`;
