// Jest Snapshot v1, https://goo.gl/fbAQLP

exports[`it renders component unchanged 1`] = `
<div>
  <section
    class="scroll-mt-[70px]"
    id="projects"
  >
    <h2
      class="sr-only"
    >
      Projects
    </h2>
    <ul
      aria-label="Projects"
      class="mx-16 mt-5 grid auto-cols-auto gap-2 md:grid-cols-4 xl:grid-cols-5"
    >
      <li
        class="group relative col-span-2 md:hover:overflow-y-auto"
        tabindex="0"
      >
        <div
          aria-label="Spotify Artist Network"
          class="from-1% absolute hidden max-h-full w-auto grid-cols-4 grid-rows-4 bg-gradient-to-t from-background text-base font-semibold text-text backdrop-blur-md group-focus-within:grid group-hover:grid md:grid-cols-5 md:grid-rows-5"
          role="grid"
        >
          <img
            alt="Demo of Spotify Artist Network"
            aria-hidden="true"
            class="col-span-3 row-span-3 md:col-span-4 md:row-span-4"
            data-nimg="1"
            decoding="async"
            height="924"
            loading="lazy"
            src="/_next/image?url=https%3A%2F%2Fraw.githubusercontent.com%2Frparin%2FSpotifyArtistNetwork%2Fmain%2F_preview%2FDemo.gif&w=3840&q=75"
            srcset="/_next/image?url=https%3A%2F%2Fraw.githubusercontent.com%2Frparin%2FSpotifyArtistNetwork%2Fmain%2F_preview%2FDemo.gif&w=1920&q=75 1x, /_next/image?url=https%3A%2F%2Fraw.githubusercontent.com%2Frparin%2FSpotifyArtistNetwork%2Fmain%2F_preview%2FDemo.gif&w=3840&q=75 2x"
            style="color: transparent;"
            width="1912"
          />
          <div
            aria-label="Dev Tools"
            class="p-scroll row-span-3 mx-1 mt-1 flex flex-col items-center justify-start gap-2 overflow-y-auto md:row-span-4 lg:mt-2"
            role="row"
          >
            <span
              role="cell"
            >
              <a
                aria-label="React"
                href="https://react.dev/"
                rel="noopener noreferrer"
                tabindex="-1"
                target="_blank"
              >
                <img
                  alt="logo of react"
                  class="h-auto w-7 md:w-10 lg:w-14 md:p-1"
                  data-nimg="1"
                  decoding="async"
                  height="40"
                  loading="lazy"
                  src="/_next/image?url=%2Fimg.jpg&w=96&q=75"
                  srcset="/_next/image?url=%2Fimg.jpg&w=48&q=75 1x, /_next/image?url=%2Fimg.jpg&w=96&q=75 2x"
                  style="color: transparent;"
                  width="40"
                />
              </a>
            </span>
            <span
              role="cell"
            >
              <a
                aria-label="Nodejs"
                href="https://nodejs.org/en"
                rel="noopener noreferrer"
                tabindex="-1"
                target="_blank"
              >
                <img
                  alt="logo of nodejs"
                  class="h-auto w-7 md:w-10 lg:w-14 md:p-1"
                  data-nimg="1"
                  decoding="async"
                  height="40"
                  loading="lazy"
                  src="/_next/image?url=%2Fimg.jpg&w=96&q=75"
                  srcset="/_next/image?url=%2Fimg.jpg&w=48&q=75 1x, /_next/image?url=%2Fimg.jpg&w=96&q=75 2x"
                  style="color: transparent;"
                  width="40"
                />
              </a>
            </span>
            <span
              role="cell"
            >
              <a
                aria-label="Nextjs"
                href="https://nextjs.org/"
                rel="noopener noreferrer"
                tabindex="-1"
                target="_blank"
              >
                <img
                  alt="logo of nextjs"
                  class="h-auto w-7 md:w-10 lg:w-14 md:p-1"
                  data-nimg="1"
                  decoding="async"
                  height="40"
                  loading="lazy"
                  src="/_next/image?url=%2Fimg.jpg&w=96&q=75"
                  srcset="/_next/image?url=%2Fimg.jpg&w=48&q=75 1x, /_next/image?url=%2Fimg.jpg&w=96&q=75 2x"
                  style="color: transparent;"
                  width="40"
                />
              </a>
            </span>
            <span
              role="cell"
            >
              <a
                aria-label="Zod"
                href="https://zod.dev"
                rel="noopener noreferrer"
                tabindex="-1"
                target="_blank"
              >
                <img
                  alt="logo of zod"
                  class="h-auto w-7 md:w-10 lg:w-14 md:p-1"
                  data-nimg="1"
                  decoding="async"
                  height="40"
                  loading="lazy"
                  src="/_next/image?url=%2Fimg.jpg&w=96&q=75"
                  srcset="/_next/image?url=%2Fimg.jpg&w=48&q=75 1x, /_next/image?url=%2Fimg.jpg&w=96&q=75 2x"
                  style="color: transparent;"
                  width="40"
                />
              </a>
            </span>
            <span
              role="cell"
            >
              <a
                aria-label="Tanstack Query"
                href="https://tanstack.com/query/latest"
                rel="noopener noreferrer"
                tabindex="-1"
                target="_blank"
              >
                <img
                  alt="logo of reactquery"
                  class="h-auto w-7 md:w-10 lg:w-14 md:p-1"
                  data-nimg="1"
                  decoding="async"
                  height="40"
                  loading="lazy"
                  src="/_next/image?url=%2Fimg.jpg&w=96&q=75"
                  srcset="/_next/image?url=%2Fimg.jpg&w=48&q=75 1x, /_next/image?url=%2Fimg.jpg&w=96&q=75 2x"
                  style="color: transparent;"
                  width="40"
                />
              </a>
            </span>
            <span
              role="cell"
            >
              <a
                aria-label="Tailwind"
                href="https://tailwindcss.com/"
                rel="noopener noreferrer"
                tabindex="-1"
                target="_blank"
              >
                <img
                  alt="logo of tailwind"
                  class="h-auto w-7 md:w-10 lg:w-14 md:p-1"
                  data-nimg="1"
                  decoding="async"
                  height="40"
                  loading="lazy"
                  src="/_next/image?url=%2Fimg.jpg&w=96&q=75"
                  srcset="/_next/image?url=%2Fimg.jpg&w=48&q=75 1x, /_next/image?url=%2Fimg.jpg&w=96&q=75 2x"
                  style="color: transparent;"
                  width="40"
                />
              </a>
            </span>
            <span
              role="cell"
            >
              <a
                aria-label="Typescript"
                href="https://www.typescriptlang.org/"
                rel="noopener noreferrer"
                tabindex="-1"
                target="_blank"
              >
                <img
                  alt="logo of typescript"
                  class="h-auto w-7 md:w-10 lg:w-14 md:p-1"
                  data-nimg="1"
                  decoding="async"
                  height="40"
                  loading="lazy"
                  src="/_next/image?url=%2Fimg.jpg&w=96&q=75"
                  srcset="/_next/image?url=%2Fimg.jpg&w=48&q=75 1x, /_next/image?url=%2Fimg.jpg&w=96&q=75 2x"
                  style="color: transparent;"
                  width="40"
                />
              </a>
            </span>
            <span
              role="cell"
            >
              <a
                aria-label="HTML"
                href="https://developer.mozilla.org/en-US/docs/Web/HTML"
                rel="noopener noreferrer"
                tabindex="-1"
                target="_blank"
              >
                <img
                  alt="logo of html"
                  class="h-auto w-7 md:w-10 lg:w-14 md:p-1"
                  data-nimg="1"
                  decoding="async"
                  height="40"
                  loading="lazy"
                  src="/_next/image?url=%2Fimg.jpg&w=96&q=75"
                  srcset="/_next/image?url=%2Fimg.jpg&w=48&q=75 1x, /_next/image?url=%2Fimg.jpg&w=96&q=75 2x"
                  style="color: transparent;"
                  width="40"
                />
              </a>
            </span>
          </div>
          <div
            class="col-span-4 flex flex-row items-center justify-center gap-1 truncate md:col-span-5"
            role="row"
          >
            <span
              role="rowheader"
            >
              Spotify Artist Network
            </span>
            <span
              role="cell"
            >
              <a
                aria-label="Website"
                href="https://spotify-artist-network.vercel.app"
                rel="noopener noreferrer"
                target="_blank"
              >
                <svg
                  class="mb-2 h-3 w-auto md:h-4"
                  fill="none"
                  height="24"
                  stroke="currentColor"
                  stroke-linecap="round"
                  stroke-linejoin="round"
                  stroke-width="2"
                  viewBox="0 0 24 24"
                  width="24"
                  xmlns="http://www.w3.org/2000/svg"
                >
                  <path
                    d="M18 13v6a2 2 0 0 1-2 2H5a2 2 0 0 1-2-2V8a2 2 0 0 1 2-2h6"
                  />
                  <polyline
                    points="15 3 21 3 21 9"
                  />
                  <line
                    x1="10"
                    x2="21"
                    y1="14"
                    y2="3"
                  />
                </svg>
              </a>
            </span>
            <span
              role="cell"
            >
              <a
                aria-label="Github"
                href="https://github.com/rparin/SpotifyArtistNetwork"
                rel="noopener noreferrer"
                target="_blank"
              >
                <img
                  alt="logo of Github"
                  aria-hidden="true"
                  class="ml-1 h-5 w-auto dark:invert md:h-7"
                  data-nimg="1"
                  decoding="async"
                  height="40"
                  loading="lazy"
                  src="/_next/image?url=%2Fimg.jpg&w=96&q=75"
                  srcset="/_next/image?url=%2Fimg.jpg&w=48&q=75 1x, /_next/image?url=%2Fimg.jpg&w=96&q=75 2x"
                  style="color: transparent;"
                  width="40"
                />
              </a>
            </span>
          </div>
        </div>
        <img
          alt="Spotify Artist Network Landing page screenshot"
          aria-hidden="true"
          data-nimg="1"
          decoding="async"
          height="924"
          loading="lazy"
          src="/_next/image?url=https%3A%2F%2Fraw.githubusercontent.com%2Frparin%2FSpotifyArtistNetwork%2Fmain%2F_preview%2FSpotifyArtistNetwork.webp&w=3840&q=75"
          srcset="/_next/image?url=https%3A%2F%2Fraw.githubusercontent.com%2Frparin%2FSpotifyArtistNetwork%2Fmain%2F_preview%2FSpotifyArtistNetwork.webp&w=1920&q=75 1x, /_next/image?url=https%3A%2F%2Fraw.githubusercontent.com%2Frparin%2FSpotifyArtistNetwork%2Fmain%2F_preview%2FSpotifyArtistNetwork.webp&w=3840&q=75 2x"
          style="color: transparent;"
          width="1912"
        />
      </li>
    </ul>
  </section>
</div>
`;
